\BOOKMARK [2][]{Outline0.1}{\376\377\000S\000t\000a\000r\000t\000i\000n\000g\000\040\000S\000i\000m\000p\000l\000e}{}% 1
\BOOKMARK [2][]{Outline0.2}{\376\377\000E\000x\000p\000a\000n\000d\000i\000n\000g\000\040\000t\000h\000e\000\040\000S\000c\000o\000p\000e}{}% 2
\BOOKMARK [2][]{Outline0.3}{\376\377\000R\000e\000f\000i\000n\000i\000n\000g\000\040\000P\000r\000e\000c\000i\000s\000i\000o\000n}{}% 3
\BOOKMARK [2][]{Outline0.4}{\376\377\000F\000a\000c\000i\000n\000g\000\040\000C\000h\000a\000l\000l\000e\000n\000g\000e\000s}{}% 4
\BOOKMARK [2][]{Outline0.5}{\376\377\000T\000h\000a\000n\000k\000\040\000Y\000o\000u\000.\000.\000.\000\040\000!\000\040}{}% 5
